{
   "survey":[
      {
         "type":"note",
         "name":"intro",
         "label":"VMMC IPC Household Registration Form. Introduce yourself as a health promoter with Society for Family Health, currently working on the Voluntary Medical Male Circumcision campaign. Ask if there is a head of household, spouse or find the eldest competent respondent over the age of 18 that can answer some questions about the men residing in the household. Once the respondent has been identified, introduce yourself again. Ask the respondent whether knows about male circumcision and the VMMC campaign currently taking place in Lusaka.",
         "calculation":"",
         "hint":"",
         "required":"",
         "appearance":"",
         "constraint":"",
         "relevant":"",
         "default":"",
         "choice_filter": "",
         "constraint_message":""
      },
      {
         "type":"text",
         "name":"hh_number",
         "label":"Household Number",
         "calculation":"",
         "hint":"",
         "required":"",
         "appearance":"",
         "constraint":"",
         "relevant":"",
         "default":"",
         "choice_filter": "",
         "constraint_message":""
      },
      {
         "type":"date",
         "name":"visit",
         "label":"Date of visit",
         "calculation":"",
         "hint":"",
         "required":"",
         "appearance":"",
         "constraint":"",
         "relevant":"",
         "default":"",
         "choice_filter": "",
         "constraint_message":""
      },
      {
         "type":"text",
         "name":"interviewer",
         "label":"Name of Health Promoter",
         "calculation":"",
         "hint":"",
         "required":"",
         "appearance":"",
         "constraint":"",
         "relevant":"",
         "default":"",
         "choice_filter": "",
         "constraint_message":""
      },
      {
         "type":"select_one result",
         "name":"result",
         "label":"Is a compentant household member available to answer this questionaire?",
         "calculation":"",
         "hint":"",
         "required":"yes",
         "appearance":"",
         "constraint":"",
         "relevant":"",
         "default":"",
         "choice_filter": "",
         "constraint_message":""
      },
      {
         "type":"text",
         "name":"result_other",
         "label":"Please specify",
         "calculation":"",
         "hint":"",
         "required":"yes",
         "appearance":"",
         "constraint":"",
         "relevant":"${result} = 'other'",
         "default":"",
         "choice_filter": "",
         "constraint_message":""
      },
      {
         "type":"date",
         "name":"next",
         "label":"Next visit date",
         "calculation":"",
         "hint":"",
         "required":"",
         "appearance":"",
         "constraint":". > ${visit}",
         "relevant":"${result} != 'completed'",
         "default":"",
         "choice_filter": "",
         "constraint_message":""
      },
      {
         "type":"time",
         "name":"next_time",
         "label":"Next visit hour (example: 1 pm)",
         "calculation":"",
         "hint":"",
         "required":"",
         "appearance":"",
         "constraint":"",
         "relevant":"${result} != 'completed'",
         "default":"",
         "choice_filter": "",
         "constraint_message":""
      },
      {
         "type":"text",
         "name":"name_hh",
         "label":"1a. Name of the head of household",
         "calculation":"",
         "hint":"",
         "required":"yes",
         "appearance":"",
         "constraint":"",
         "relevant":"",
         "default":"",
         "choice_filter": "",
         "constraint_message":""
      },
      {
         "type":"select_one sex",
         "name":"sex",
         "label":"1b. Sex of head of household",
         "calculation":"",
         "hint":"",
         "required":"yes",
         "appearance":"",
         "constraint":"",
         "relevant":"",
         "default":"",
         "choice_filter": "",
         "constraint_message":""
      },
      {
         "type":"integer",
         "name":"sex_male",
         "label":"1c. If male and married, how many  wives",
         "calculation":"",
         "hint":"",
         "required":"",
         "appearance":"",
         "constraint":"",
         "relevant":"${sex} = 'male'",
         "default":"",
         "choice_filter": "",
         "constraint_message":""
      },
      {
         "type":"text",
         "name":"name_respondant",
         "label":"2. Name of questionaire respondent",
         "calculation":"",
         "hint":"",
         "required":"",
         "appearance":"",
         "constraint":"",
         "relevant":"",
         "default":"",
         "choice_filter": "",
         "constraint_message":""
      },
      {
         "type":"select_one sex",
         "name":"sex1",
         "label":"2a. Sex of questionaire respondent",
         "calculation":"",
         "hint":"",
         "required":"",
         "appearance":"",
         "constraint":"",
         "relevant":"",
         "default":"",
         "choice_filter": "",
         "constraint_message":""
      },
      {
         "type":"text",
         "name":"address",
         "label":"3. Physical address",
         "calculation":"",
         "hint":"",
         "required":"yes",
         "appearance":"",
         "constraint":"",
         "relevant":"",
         "default":"",
         "choice_filter": "",
         "constraint_message":""
      },
      {
         "type":"integer",
         "name":"male_all",
         "label":"4. # of males residing in the household",
         "calculation":"",
         "hint":"",
         "required":"yes",
         "appearance":"",
         "constraint":". >=0",
         "relevant":"",
         "default":"",
         "choice_filter": "",
         "constraint_message":""
      },
      {
         "type":"integer",
         "name":"male_10_14",
         "label":"5. # of males aged 10 to 14 years residing in the household",
         "calculation":"",
         "hint":"",
         "required":"yes",
         "appearance":"",
         "constraint":". <=${male_all}",
         "relevant":"",
         "default":"",
         "choice_filter": "",
         "constraint_message":""
      },
      {
         "type":"integer",
         "name":"male_uncircumcised",
         "label":"5a.  # of males aged 10-14 uncircumcised in the household",
         "calculation":"",
         "hint":"",
         "required":"yes",
         "appearance":"",
         "constraint":". <=${male_10_14}",
         "relevant":"",
         "default":"",
         "choice_filter": "",
         "constraint_message":""
      },
      {
         "type":"integer",
         "name":"male_15_29",
         "label":"6. # of males aged 15-29 in the household",
         "calculation":"",
         "hint":"",
         "required":"yes",
         "appearance":"",
         "constraint":". <=${male_all} - ${male_10_14}",
         "relevant":"",
         "default":"",
         "choice_filter": "",
         "constraint_message":""
      },
      {
         "type":"integer",
         "name":"male_uncircumcised_15-29",
         "label":"6a. # of males aged 15 to 29 that are uncircumcised in household",
         "calculation":"",
         "hint":"",
         "required":"yes",
         "appearance":"",
         "constraint":". <=${male_15_29}",
         "relevant":"",
         "default":"",
         "choice_filter": "",
         "constraint_message":""
      },
      {
         "type":"integer",
         "name":"male_30",
         "label":"7. # of males aged above 30 years",
         "calculation":"",
         "hint":"",
         "required":"yes",
         "appearance":"",
         "constraint":". <=${male_all} - ${male_15_29}  - ${male_10_14}",
         "relevant":"",
         "default":"",
         "choice_filter": "",
         "constraint_message":""
      },
      {
         "type":"integer",
         "name":"male_uncircumcised_30",
         "label":"7a. # of males aged over 30 are uncircumcised in household",
         "calculation":"",
         "hint":"",
         "required":"yes",
         "appearance":"",
         "constraint":". <=${male_30}",
         "relevant":"",
         "default":"",
         "choice_filter": "",
         "constraint_message":""
      },
      {
         "type":"cascading_select zones",
         "name":"zone",
         "label":"",
         "calculation":"",
         "hint":"",
         "required":"",
         "appearance":"",
         "constraint":"",
         "relevant":"",
         "default":"",
         "choice_filter": "",
         "constraint_message":""
      }
   ],
   "cascades":[
      {
         "name":"label",
         "districts":"Please select the District",
         "villages":"Please select the community",
         "facilities":"Please select the Facility",
         "zones":"Please select the Zone"
      },
      {
         "name":"choice_label",
         "districts":"Lusaka_District",
         "villages":"Kalingalinga",
         "facilities":"Kalingalinga_Urban_Health_Center",
         "zones":"zone_01"
      },
      {
         "name":"choice_label",
         "districts":"Lusaka_District",
         "villages":"Kalingalinga",
         "facilities":"Kalingalinga_Urban_Health_Center",
         "zones":"zone_02"
      },
      {
         "name":"choice_label",
         "districts":"Lusaka_District",
         "villages":"Kalingalinga",
         "facilities":"Kalingalinga_Urban_Health_Center",
         "zones":"zone_03"
      },
      {
         "name":"choice_label",
         "districts":"Lusaka_District",
         "villages":"Kalingalinga",
         "facilities":"Kalingalinga_Urban_Health_Center",
         "zones":"zone_04"
      },
      {
         "name":"choice_label",
         "districts":"Lusaka_District",
         "villages":"Kalingalinga",
         "facilities":"Kalingalinga_Urban_Health_Center",
         "zones":"zone_05"
      },
      {
         "name":"choice_label",
         "districts":"Lusaka_District",
         "villages":"Kalingalinga",
         "facilities":"Kalingalinga_Urban_Health_Center",
         "zones":"zone_06"
      },
      {
         "name":"choice_label",
         "districts":"Lusaka_District",
         "villages":"Kalingalinga",
         "facilities":"Kalingalinga_Urban_Health_Center",
         "zones":"zone_07"
      },
      {
         "name":"choice_label",
         "districts":"Lusaka_District",
         "villages":"Kalingalinga",
         "facilities":"Kalingalinga_Urban_Health_Center",
         "zones":"zone_08"
      },
      {
         "name":"choice_label",
         "districts":"Lusaka_District",
         "villages":"Kalingalinga",
         "facilities":"Kalingalinga_Urban_Health_Center",
         "zones":"zone_09"
      },
      {
         "name":"choice_label",
         "districts":"Lusaka_District",
         "villages":"Kalingalinga",
         "facilities":"Kalingalinga_Urban_Health_Center",
         "zones":"zone_10"
      }
   ],
   "choices":[
      {
         "list_name":"",
         "name":"",
         "label":""
      },
      {
         "list_name":"district",
         "name":1.0,
         "label":"district 01"
      },
      {
         "list_name":"district",
         "name":2.0,
         "label":"district 02"
      },
      {
         "list_name":"district",
         "name":3.0,
         "label":"district 03"
      },
      {
         "list_name":"district",
         "name":4.0,
         "label":"district 04"
      },
      {
         "list_name":"",
         "name":"",
         "label":""
      },
      {
         "list_name":"facility",
         "name":1.0,
         "label":"facility 01"
      },
      {
         "list_name":"facility",
         "name":2.0,
         "label":"facility 02"
      },
      {
         "list_name":"facility",
         "name":3.0,
         "label":"facility 03"
      },
      {
         "list_name":"facility",
         "name":4.0,
         "label":"facility 04"
      },
      {
         "list_name":"",
         "name":"",
         "label":""
      },
      {
         "list_name":"zone",
         "name":1.0,
         "label":"zone 1"
      },
      {
         "list_name":"zone",
         "name":2.0,
         "label":"zone 2"
      },
      {
         "list_name":"zone",
         "name":3.0,
         "label":"zone 3"
      },
      {
         "list_name":"zone",
         "name":4.0,
         "label":"zone 4"
      },
      {
         "list_name":"zone",
         "name":5.0,
         "label":"zone 5"
      },
      {
         "list_name":"zone",
         "name":6.0,
         "label":"zone 6"
      },
      {
         "list_name":"zone",
         "name":7.0,
         "label":"zone 7"
      },
      {
         "list_name":"zone",
         "name":8.0,
         "label":"zone 8"
      },
      {
         "list_name":"zone",
         "name":9.0,
         "label":"zone 9"
      },
      {
         "list_name":"",
         "name":"",
         "label":""
      },
      {
         "list_name":"result",
         "name":"completed",
         "label":"Yes, a competent household member is available"
      },
      {
         "list_name":"result",
         "name":"no_member",
         "label":"No competent household member is available"
      },
      {
         "list_name":"result",
         "name":"postponed",
         "label":"Postponed"
      },
      {
         "list_name":"result",
         "name":"refused",
         "label":"Refused to participate in survey"
      },
      {
         "list_name":"result",
         "name":"other",
         "label":"Other"
      },
      {
         "list_name":"",
         "name":"",
         "label":""
      },
      {
         "list_name":"sex",
         "name":"male",
         "label":"Male"
      },
      {
         "list_name":"sex",
         "name":"female",
         "label":"Female"
      },
      {
         "list_name":"",
         "name":"",
         "label":""
      },
      {
         "list_name":"relation",
         "name":"head",
         "label":"Head"
      },
      {
         "list_name":"relation",
         "name":"spouse",
         "label":"Spouse"
      },
      {
         "list_name":"relation",
         "name":"child",
         "label":"Child"
      },
      {
         "list_name":"relation",
         "name":"father",
         "label":"Father"
      },
      {
         "list_name":"relation",
         "name":"grand",
         "label":"Grandfather"
      },
      {
         "list_name":"relation",
         "name":"uncle",
         "label":"Uncle"
      },
      {
         "list_name":"relation",
         "name":"cousin",
         "label":"Cousin/Brother"
      },
      {
         "list_name":"relation",
         "name":"nephew",
         "label":"Nephew"
      },
      {
         "list_name":"relation",
         "name":"grandson",
         "label":"Grandson"
      },
      {
         "list_name":"relation",
         "name":"stepson",
         "label":"Stepson"
      },
      {
         "list_name":"relation",
         "name":"adopted",
         "label":"Adopted"
      },
      {
         "list_name":"relation",
         "name":"inlaw",
         "label":"Inlaw"
      },
      {
         "list_name":"relation",
         "name":"no",
         "label":"No relation"
      },
      {
         "list_name":"",
         "name":"",
         "label":""
      },
      {
         "list_name":"marital",
         "name":"single",
         "label":"Single"
      },
      {
         "list_name":"marital",
         "name":"engaged",
         "label":"Engaged"
      },
      {
         "list_name":"marital",
         "name":"one",
         "label":"Married to one wife"
      },
      {
         "list_name":"marital",
         "name":"more",
         "label":"Married to more than one wife"
      },
      {
         "list_name":"marital",
         "name":"divorced",
         "label":"Divorced"
      },
      {
         "list_name":"marital",
         "name":"widow",
         "label":"Widow"
      },
      {
         "list_name":"marital",
         "name":"separation",
         "label":"On separation"
      },
      {
         "list_name":"",
         "name":"",
         "label":""
      },
      {
         "list_name":"occupation",
         "name":"crop",
         "label":"Crop/Vegetables farming/sales"
      },
      {
         "list_name":"occupation",
         "name":"livestock",
         "label":"Livestock production/sales"
      },
      {
         "list_name":"occupation",
         "name":"pension",
         "label":"Pension/Gifts/Remittances/Cash transfer"
      },
      {
         "list_name":"occupation",
         "name":"trade",
         "label":"Skilled trade"
      },
      {
         "list_name":"occupation",
         "name":"labour",
         "label":"Casual labour"
      },
      {
         "list_name":"occupation",
         "name":"business",
         "label":"Small business/fishing/small scale mining/brewing"
      },
      {
         "list_name":"occupation",
         "name":"salary",
         "label":"Formal wages/salary"
      },
      {
         "list_name":"occupation",
         "name":"sex",
         "label":"Commercial Sex worker"
      },
      {
         "list_name":"occupation",
         "name":"dependant",
         "label":"Dependant"
      },
      {
         "list_name":"occupation",
         "name":"school",
         "label":"In School/College/University"
      },
      {
         "list_name":"occupation",
         "name":"other",
         "label":"Other"
      },
      {
         "list_name":"",
         "name":"",
         "label":""
      },
      {
         "list_name":"education",
         "name":"never",
         "label":"Never attended School"
      },
      {
         "list_name":"education",
         "name":"grade1_4",
         "label":"Grade 1 - 4"
      },
      {
         "list_name":"education",
         "name":"grade5_7",
         "label":"Grade 5 - 7"
      },
      {
         "list_name":"education",
         "name":"grade8_9",
         "label":"Grade 8 - 9"
      },
      {
         "list_name":"education",
         "name":"grade10_12",
         "label":"Grade 10 - 12"
      },
      {
         "list_name":"education",
         "name":"prof_certificate",
         "label":"Professional Certificate"
      },
      {
         "list_name":"education",
         "name":"diploma",
         "label":"Diploma"
      },
      {
         "list_name":"education",
         "name":"university",
         "label":"University Degree & above"
      },
      {
         "list_name":"",
         "name":"",
         "label":""
      },
      {
         "list_name":"visit_status",
         "name":"pre_awareness",
         "label":"Pre-awareness"
      },
      {
         "list_name":"visit_status",
         "name":"awareness",
         "label":"Awareness"
      },
      {
         "list_name":"visit_status",
         "name":"circumcised",
         "label":"Decided to go for circumcision"
      },
      {
         "list_name":"",
         "name":"",
         "label":""
      },
      {
         "list_name":"age",
         "name":7.0,
         "label":7.0
      },
      {
         "list_name":"age",
         "name":8.0,
         "label":8.0
      },
      {
         "list_name":"age",
         "name":9.0,
         "label":9.0
      },
      {
         "list_name":"age",
         "name":10.0,
         "label":10.0
      },
      {
         "list_name":"age",
         "name":11.0,
         "label":11.0
      },
      {
         "list_name":"age",
         "name":12.0,
         "label":12.0
      },
      {
         "list_name":"age",
         "name":13.0,
         "label":13.0
      },
      {
         "list_name":"age",
         "name":14.0,
         "label":14.0
      },
      {
         "list_name":"age",
         "name":15.0,
         "label":15.0
      },
      {
         "list_name":"age",
         "name":16.0,
         "label":16.0
      },
      {
         "list_name":"age",
         "name":17.0,
         "label":17.0
      },
      {
         "list_name":"age",
         "name":18.0,
         "label":18.0
      },
      {
         "list_name":"age",
         "name":19.0,
         "label":19.0
      },
      {
         "list_name":"age",
         "name":20.0,
         "label":20.0
      },
      {
         "list_name":"age",
         "name":21.0,
         "label":21.0
      },
      {
         "list_name":"age",
         "name":22.0,
         "label":22.0
      },
      {
         "list_name":"age",
         "name":23.0,
         "label":23.0
      },
      {
         "list_name":"age",
         "name":24.0,
         "label":24.0
      },
      {
         "list_name":"age",
         "name":25.0,
         "label":25.0
      },
      {
         "list_name":"age",
         "name":26.0,
         "label":26.0
      },
      {
         "list_name":"age",
         "name":27.0,
         "label":27.0
      },
      {
         "list_name":"age",
         "name":28.0,
         "label":28.0
      },
      {
         "list_name":"age",
         "name":29.0,
         "label":29.0
      },
      {
         "list_name":"age",
         "name":30.0,
         "label":30.0
      },
      {
         "list_name":"age",
         "name":31.0,
         "label":31.0
      },
      {
         "list_name":"age",
         "name":32.0,
         "label":32.0
      },
      {
         "list_name":"age",
         "name":33.0,
         "label":33.0
      },
      {
         "list_name":"age",
         "name":34.0,
         "label":34.0
      },
      {
         "list_name":"age",
         "name":35.0,
         "label":35.0
      },
      {
         "list_name":"age",
         "name":36.0,
         "label":36.0
      },
      {
         "list_name":"age",
         "name":37.0,
         "label":37.0
      },
      {
         "list_name":"age",
         "name":38.0,
         "label":38.0
      },
      {
         "list_name":"age",
         "name":39.0,
         "label":39.0
      },
      {
         "list_name":"age",
         "name":40.0,
         "label":40.0
      },
      {
         "list_name":"age",
         "name":41.0,
         "label":41.0
      },
      {
         "list_name":"age",
         "name":42.0,
         "label":42.0
      },
      {
         "list_name":"age",
         "name":43.0,
         "label":43.0
      },
      {
         "list_name":"age",
         "name":44.0,
         "label":44.0
      },
      {
         "list_name":"age",
         "name":45.0,
         "label":45.0
      },
      {
         "list_name":"age",
         "name":46.0,
         "label":46.0
      },
      {
         "list_name":"age",
         "name":47.0,
         "label":47.0
      },
      {
         "list_name":"age",
         "name":48.0,
         "label":48.0
      },
      {
         "list_name":"age",
         "name":49.0,
         "label":49.0
      },
      {
         "list_name":"age",
         "name":50.0,
         "label":50.0
      },
      {
         "list_name":"age",
         "name":51.0,
         "label":51.0
      },
      {
         "list_name":"age",
         "name":52.0,
         "label":52.0
      },
      {
         "list_name":"age",
         "name":53.0,
         "label":53.0
      },
      {
         "list_name":"age",
         "name":54.0,
         "label":54.0
      },
      {
         "list_name":"age",
         "name":55.0,
         "label":55.0
      },
      {
         "list_name":"age",
         "name":56.0,
         "label":56.0
      },
      {
         "list_name":"age",
         "name":57.0,
         "label":57.0
      },
      {
         "list_name":"age",
         "name":58.0,
         "label":58.0
      },
      {
         "list_name":"age",
         "name":59.0,
         "label":59.0
      },
      {
         "list_name":"age",
         "name":60.0,
         "label":60.0
      },
      {
         "list_name":"age",
         "name":61.0,
         "label":61.0
      },
      {
         "list_name":"age",
         "name":62.0,
         "label":62.0
      },
      {
         "list_name":"age",
         "name":63.0,
         "label":63.0
      },
      {
         "list_name":"age",
         "name":64.0,
         "label":64.0
      },
      {
         "list_name":"age",
         "name":65.0,
         "label":65.0
      },
      {
         "list_name":"age",
         "name":66.0,
         "label":66.0
      },
      {
         "list_name":"age",
         "name":67.0,
         "label":67.0
      },
      {
         "list_name":"age",
         "name":68.0,
         "label":68.0
      },
      {
         "list_name":"age",
         "name":69.0,
         "label":69.0
      },
      {
         "list_name":"age",
         "name":70.0,
         "label":70.0
      },
      {
         "list_name":"age",
         "name":71.0,
         "label":71.0
      },
      {
         "list_name":"age",
         "name":72.0,
         "label":72.0
      },
      {
         "list_name":"age",
         "name":73.0,
         "label":73.0
      },
      {
         "list_name":"age",
         "name":74.0,
         "label":74.0
      },
      {
         "list_name":"age",
         "name":75.0,
         "label":75.0
      },
      {
         "list_name":"age",
         "name":76.0,
         "label":76.0
      },
      {
         "list_name":"age",
         "name":77.0,
         "label":77.0
      },
      {
         "list_name":"age",
         "name":78.0,
         "label":78.0
      },
      {
         "list_name":"age",
         "name":79.0,
         "label":79.0
      },
      {
         "list_name":"age",
         "name":80.0,
         "label":80.0
      },
      {
         "list_name":"age",
         "name":81.0,
         "label":81.0
      },
      {
         "list_name":"age",
         "name":82.0,
         "label":82.0
      },
      {
         "list_name":"age",
         "name":83.0,
         "label":83.0
      },
      {
         "list_name":"age",
         "name":84.0,
         "label":84.0
      },
      {
         "list_name":"age",
         "name":85.0,
         "label":85.0
      },
      {
         "list_name":"age",
         "name":86.0,
         "label":86.0
      },
      {
         "list_name":"age",
         "name":87.0,
         "label":87.0
      },
      {
         "list_name":"age",
         "name":88.0,
         "label":88.0
      },
      {
         "list_name":"age",
         "name":89.0,
         "label":89.0
      },
      {
         "list_name":"age",
         "name":90.0,
         "label":90.0
      },
      {
         "list_name":"",
         "name":"",
         "label":""
      },
      {
         "list_name":"response",
         "name":"yes",
         "label":"Yes"
      },
      {
         "list_name":"response",
         "name":"no",
         "label":"No"
      }
   ]
}
